Microchip MPLAB XC8 Compiler V2.41

Linker command line:

-W-3 \
  --edf=C:/Program Files/Microchip/MPLABX/v6.10/packs/Microchip/PIC18Fxxxx_DFP/1.4.151/xc8\pic\dat\20230323171731_en.msgs \
  -cn -h+dist/default/production\EUSART_Class12.X.production.sym \
  --cmf=dist/default/production\EUSART_Class12.X.production.cmf -z \
  -Q18F4550 -oC:\Users\aleja\AppData\Local\Temp\xcBs530.1\driver_tmp_3.o \
  --defsym=__MPLAB_BUILD=1 --fixupoverflow=error \
  -Mdist/default/production/EUSART_Class12.X.production.map \
  --md=C:\Users\aleja\AppData\Local\Temp\xcBs530.1\driver_tmp_0.dat -E1 \
  -ver=XC8 Compiler --acfsm=1493 -ACODE=00h-07FFFh -ACONST=00h-07FFFh \
  -ASMALLCONST=0800h-08FFhx120 -AMEDIUMCONST=0800h-07FFFh -ACOMRAM=01h-05Fh \
  -AABS1=00h-07FFh -ABIGRAM=01h-07FFh -ARAM=060h-0FFh,0100h-01FFhx7 \
  -ABANK0=060h-0FFh -ABANK1=0100h-01FFh -ABANK2=0200h-02FFh \
  -ABANK3=0300h-03FFh -ABANK4=0400h-04FFh -ABANK5=0500h-05FFh \
  -ABANK6=0600h-06FFh -ABANK7=0700h-07FFh -ASFR=0F60h-0FFFh \
  -ABIGSFR=0F60h-0FFFh -ACONFIG=0300000h-030000Dh -AIDLOC=0200000h-0200007h \
  -AEEDATA=0F00000h-0F000FFh -peeprom_data=EEDATA \
  -preset_vec=00h,intcode=08h,intcodelo,powerup,init -pramtop=0800h \
  -psmallconst=SMALLCONST -pmediumconst=MEDIUMCONST -pconst=CONST \
  -AFARRAM=00h-00h \
  -prdata=COMRAM,nvrram=COMRAM,nvbit=COMRAM,rbss=COMRAM,rbit=COMRAM \
  -pfarbss=FARRAM,fardata=FARRAM,nvFARRAM=FARRAM \
  -pintsave_regs=BIGRAM,bigbss=BIGRAM,bigdata=BIGRAM -pbss=RAM \
  -pidata=CODE,irdata=CODE,ibigdata=CODE,ifardata=CODE -prparam=COMRAM \
  C:\Users\aleja\AppData\Local\Temp\xcBs530.1\driver_tmp_15.o \
  dist/default/production\EUSART_Class12.X.production.o 

Object code version is 3.11

Machine type is 18F4550



                Name                               Link     Load   Length Selector   Space Scale
C:\Users\aleja\AppData\Local\Temp\xcBs530.1\driver_tmp_15.o
                config                           300000   300000        E        0       4
                init                                  E        E        4        4       0
                reset_vec                             0        0        4        0       0
dist/default/production\EUSART_Class12.X.production.o
                intcode                               8        8        6        4       0
                config                           300000   300000        E        0       4
                temp                                 48       48        1        1       1
                smallconst                          800      800       2E      400       0
                text6                               B32      B32       74      417       0
                text5                               BA6      BA6       64      417       0
                text4                               82E      82E      19E      417       0
                text3                               C44      C44       36      417       0
                intcode_body                        9CC      9CC      166      417       0
                text1                               C7A      C7A       2C      417       0
                text0                               CC2      CC2        C      417       0
                cstackCOMRAM                          1        1       26        1       1
                dataBANK0                            60       60       1C       60       1
                bssCOMRAM                            27       27       21        1       1
                cinit                               C0A      C0A       3A      417       0
                idataBANK0                          CA6      CA6       1C      417       0

TOTAL           Name                               Link     Load   Length     Space
        CLASS   CODE           
                intcode                               8        8        6         0
                init                                  E        E        4         0
                reset_vec                             0        0        4         0
                text6                               B32      B32       74         0
                text5                               BA6      BA6       64         0
                text4                               82E      82E      19E         0
                text3                               C44      C44       36         0
                intcode_body                        9CC      9CC      166         0
                text1                               C7A      C7A       2C         0
                text0                               CC2      CC2        C         0
                cinit                               C0A      C0A       3A         0
                idataBANK0                          CA6      CA6       1C         0

        CLASS   CONST          

        CLASS   SMALLCONST     
                smallconst                          800      800       2E         0

        CLASS   MEDIUMCONST    

        CLASS   COMRAM         
                temp                                 48       48        1         1
                cstackCOMRAM                          1        1       26         1
                bssCOMRAM                            27       27       21         1

        CLASS   ABS1           

        CLASS   BIGRAM         

        CLASS   RAM            

        CLASS   BANK0          
                dataBANK0                            60       60       1C         1

        CLASS   BANK1          

        CLASS   BANK2          

        CLASS   BANK3          

        CLASS   BANK4          

        CLASS   BANK5          

        CLASS   BANK6          

        CLASS   BANK7          

        CLASS   SFR            

        CLASS   BIGSFR         

        CLASS   CONFIG         
                config                           300000   300000        E         4

        CLASS   IDLOC          

        CLASS   EEDATA         

        CLASS   FARRAM         

        CLASS   HEAP           

        CLASS   STACK          



SEGMENTS        Name                           Load    Length   Top    Selector   Space  Class

                reset_vec                      000000  000004  000004         0       0  CODE    
                cstackCOMRAM                   000001  000048  000049         1       1  COMRAM  
                intcode                        000008  00000A  000012         4       0  CODE    
                dataBANK0                      000060  00001C  00007C        60       1  BANK0   
                smallconst                     000800  00002E  00082E       400       0  SMALLCON
                text4                          00082E  0004A0  000CCE       417       0  CODE    


UNUSED ADDRESS RANGES

        Name                Unused          Largest block    Delta
        BANK0            00007C-0000FF               84
        BANK1            000100-0001FF              100
        BANK2            000200-0002FF              100
        BANK3            000300-0003FF              100
        BANK4            000400-0004FF              100
        BANK5            000500-0005FF              100
        BANK6            000600-0006FF              100
        BANK7            000700-0007FF              100
        BIGRAM           000049-00005F               17
                         00007C-0007FF              784
        BIGSFR           000F60-000FFF               A0
        CODE             000004-000007                4
                         000012-0007FF              7EE
                         000CCE-007FFF             7332
        COMRAM           000049-00005F               17
        CONST            000004-000007                4
                         000012-0007FF              7EE
                         000CCE-007FFF             7332
        EEDATA           F00000-F000FF              100
        IDLOC            200000-200007                8
        MEDIUMCONST      000CCE-007FFF             7332
        RAM              00007C-0007FF              100
        SFR              000F60-000FFF               A0
        SMALLCONST       000CCE-007FFF              100

                                  Symbol Table

?___lwdiv                cstackCOMRAM 000001
?___lwmod                cstackCOMRAM 000008
?_sprintf                cstackCOMRAM 00000D
?_strlen                 cstackCOMRAM 000001
INT_UART_TX@i            cstackCOMRAM 000023
INT_UART_TX@i_398        cstackCOMRAM 000025
_ADCON1                  (abs)        000FC1
_Buffer                  bssCOMRAM    000027
_Configurations          text1        000C7A
_Counter_Button1         bssCOMRAM    00002B
_Counter_Button2         bssCOMRAM    00002A
_Data                    bssCOMRAM    000029
_INTCON2bits             (abs)        000FF1
_INTCON3bits             (abs)        000FF0
_INTCONbits              (abs)        000FF2
_INT_UART_TX             intcode      000008
_OSCCON                  (abs)        000FD3
_PIR1bits                (abs)        000F9E
_RCONbits                (abs)        000FD0
_RCSTA                   (abs)        000FAB
_SPBRG                   (abs)        000FAF
_TRISCbits               (abs)        000F94
_TXREG                   (abs)        000FAD
_TXSTA                   (abs)        000FAC
_Text_Int0               dataBANK0    000060
_Text_Int2               bssCOMRAM    00002C
__HRAM                   (abs)        000000
__H__absolute__          __absolute__ 000000
__Habs1                  abs1         000000
__Hbank0                 bank0        000000
__Hbank1                 bank1        000000
__Hbank2                 bank2        000000
__Hbank3                 bank3        000000
__Hbank4                 bank4        000000
__Hbank5                 bank5        000000
__Hbank6                 bank6        000000
__Hbank7                 bank7        000000
__Hbigbss                bigbss       000000
__Hbigdata               bigdata      000000
__Hbigram                bigram       000000
__Hbigsfr                bigsfr       000000
__Hbss                   bss          000000
__HbssCOMRAM             bssCOMRAM    000000
__Hcinit                 cinit        000000
__Hclrtext               clrtext      000000
__Hcomram                comram       000000
__Hconfig                config       30000E
__Hconst                 const        000000
__HcstackBANK0           cstackBANK0  000000
__HcstackCOMRAM          cstackCOMRAM 000000
__Hdata                  data         000000
__HdataBANK0             dataBANK0    000000
__Heeprom_data           eeprom_data  000000
__Hfarbss                farbss       000000
__Hfardata               fardata      000000
__Hheap                  heap         000000
__Hibigdata              ibigdata     000000
__Hidata                 idata        000000
__HidataBANK0            idataBANK0   000000
__Hidloc                 idloc        000000
__Hifardata              ifardata     000000
__Hinit                  init         000012
__Hintcode               intcode      00000E
__Hintcode_body          intcode_body 000000
__Hintcodelo             intcodelo    00000E
__Hintentry              intentry     000000
__Hintret                intret       000000
__Hintsave_regs          intsave_regs 000000
__Hirdata                irdata       000000
__Hmediumconst           mediumconst  000000
__HnvFARRAM              nvFARRAM     000000
__Hnvbit                 nvbit        000000
__Hnvrram                nvrram       000000
__Hparam                 rparam       000000
__Hpowerup               powerup      00000E
__Hram                   ram          000000
__Hramtop                ramtop       000800
__Hrbit                  rbit         000000
__Hrbss                  rbss         000000
__Hrdata                 rdata        000000
__Hreset_vec             reset_vec    000004
__Hrparam                rparam       000000
__Hsfr                   sfr          000000
__Hsmallconst            smallconst   00082E
__Hspace_0               (abs)        000CCE
__Hspace_1               (abs)        00007C
__Hspace_2               (abs)        000000
__Hspace_4               (abs)        60000E
__Hstack                 stack        000000
__Hstruct                struct       000000
__Htemp                  temp         000049
__Htext                  text         000000
__Htext0                 text0        000000
__Htext1                 text1        000000
__Htext3                 text3        000000
__Htext4                 text4        000000
__Htext5                 text5        000000
__Htext6                 text6        000000
__LRAM                   (abs)        000001
__L__absolute__          __absolute__ 000000
__Labs1                  abs1         000000
__Lbank0                 bank0        000000
__Lbank1                 bank1        000000
__Lbank2                 bank2        000000
__Lbank3                 bank3        000000
__Lbank4                 bank4        000000
__Lbank5                 bank5        000000
__Lbank6                 bank6        000000
__Lbank7                 bank7        000000
__Lbigbss                bigbss       000000
__Lbigdata               bigdata      000000
__Lbigram                bigram       000000
__Lbigsfr                bigsfr       000000
__Lbss                   bss          000000
__LbssCOMRAM             bssCOMRAM    000000
__Lcinit                 cinit        000000
__Lclrtext               clrtext      000000
__Lcomram                comram       000000
__Lconfig                config       000000
__Lconst                 const        000000
__LcstackBANK0           cstackBANK0  000000
__LcstackCOMRAM          cstackCOMRAM 000000
__Ldata                  data         000000
__LdataBANK0             dataBANK0    000000
__Leeprom_data           eeprom_data  000000
__Lfarbss                farbss       000000
__Lfardata               fardata      000000
__Lheap                  heap         000000
__Libigdata              ibigdata     000000
__Lidata                 idata        000000
__LidataBANK0            idataBANK0   000000
__Lidloc                 idloc        000000
__Lifardata              ifardata     000000
__Linit                  init         00000E
__Lintcode               intcode      000008
__Lintcode_body          intcode_body 000000
__Lintcodelo             intcodelo    00000E
__Lintentry              intentry     000000
__Lintret                intret       000000
__Lintsave_regs          intsave_regs 000000
__Lirdata                irdata       000000
__Lmediumconst           mediumconst  000000
__LnvFARRAM              nvFARRAM     000000
__Lnvbit                 nvbit        000000
__Lnvrram                nvrram       000000
__Lparam                 rparam       000000
__Lpowerup               powerup      00000E
__Lram                   ram          000000
__Lramtop                ramtop       000800
__Lrbit                  rbit         000000
__Lrbss                  rbss         000000
__Lrdata                 rdata        000000
__Lreset_vec             reset_vec    000000
__Lrparam                rparam       000000
__Lsfr                   sfr          000000
__Lsmallconst            smallconst   000800
__Lspace_0               (abs)        000000
__Lspace_1               (abs)        000000
__Lspace_2               (abs)        000000
__Lspace_4               (abs)        000000
__Lstack                 stack        000000
__Lstruct                struct       000000
__Ltemp                  temp         000048
__Ltext                  text         000000
__Ltext0                 text0        000000
__Ltext1                 text1        000000
__Ltext3                 text3        000000
__Ltext4                 text4        000000
__Ltext5                 text5        000000
__Ltext6                 text6        000000
__S0                     (abs)        000CCE
__S1                     (abs)        00007C
__S4                     (abs)        000000
__S5                     (abs)        000000
___heap_hi               (abs)        000000
___heap_lo               (abs)        000000
___inthi_sp              stack        000000
___intlo_sp              stack        000000
___lwdiv                 text6        000B32
___lwdiv@counter         cstackCOMRAM 000007
___lwdiv@dividend        cstackCOMRAM 000001
___lwdiv@divisor         cstackCOMRAM 000003
___lwdiv@quotient        cstackCOMRAM 000005
___lwmod                 text5        000BA6
___lwmod@counter         cstackCOMRAM 00000C
___lwmod@dividend        cstackCOMRAM 000008
___lwmod@divisor         cstackCOMRAM 00000A
___param_bank            (abs)        000000
___rparam_used           (abs)        000001
___sp                    stack        000000
__accesstop              (abs)        000060
__activetblptr           (abs)        000002
__end_of_Configurations  text1        000CA6
__end_of_INT_UART_TX     intcode_body 000B32
__end_of___lwdiv         text6        000BA6
__end_of___lwmod         text5        000C0A
__end_of__initialization cinit        000C36
__end_of_dpowers         smallconst   00080B
__end_of_main            text0        000CCE
__end_of_sprintf         text4        0009CC
__end_of_strlen          text3        000C7A
__initialization         cinit        000C0A
__mediumconst            mediumconst  000000
__pbssCOMRAM             bssCOMRAM    000027
__pcinit                 cinit        000C0A
__pcstackBANK0           cstackBANK0  000000
__pcstackCOMRAM          cstackCOMRAM 000001
__pdataBANK0             dataBANK0    000060
__pidataBANK0            idataBANK0   000CA6
__pintcode               intcode      000008
__pintcode_body          intcode_body 0009CC
__psmallconst            smallconst   000800
__ptext0                 text0        000CC2
__ptext1                 text1        000C7A
__ptext3                 text3        000C44
__ptext4                 text4        00082E
__ptext5                 text5        000BA6
__ptext6                 text6        000B32
__ramtop                 ramtop       000800
__smallconst             smallconst   000800
_dpowers                 smallconst   000801
_main                    text0        000CC2
_sprintf                 text4        00082E
_strlen                  text3        000C44
btemp                    temp         000048
end_of_initialization    cinit        000C36
int$flags                temp         000048
int_func                 intcode_body 0009CC
intlevel0                text         000000
intlevel1                text         000000
intlevel2                text         000000
intlevel3                text         000000
isa$std                  (abs)        000001
isa$xinst                (abs)        000000
sprintf@ap               cstackCOMRAM 000014
sprintf@c                cstackCOMRAM 00001A
sprintf@f                cstackCOMRAM 00000F
sprintf@flag             cstackCOMRAM 000016
sprintf@prec             cstackCOMRAM 000017
sprintf@sp               cstackCOMRAM 00000D
sprintf@val              cstackCOMRAM 000018
stackhi                  (abs)        000000
stacklo                  (abs)        000000
start                    init         00000E
start_initialization     cinit        000C0A
strlen@cp                cstackCOMRAM 000003
strlen@s                 cstackCOMRAM 000001
ttemp5                   temp         000049
ttemp6                   temp         00004C
ttemp7                   temp         000050
wtemp8                   temp         000049


MODULE INFORMATION

Module		Function		Class		Link	Load	Size
C:\Program Files\Microchip\xc8\v2.41\pic\sources\c90\common\lwdiv.c
		___lwdiv       		CODE           	0B32	0000	116

C:\Program Files\Microchip\xc8\v2.41\pic\sources\c90\common\lwdiv.c estimated size: 116

shared
		_dpowers       		SMALLCONST     	0801	0000	10
		__initialization		CODE           	0C0A	0000	44

shared estimated size: 54

C:\Program Files\Microchip\xc8\v2.41\pic\sources\c90\common\strlen.c
		_strlen        		CODE           	0C44	0000	54

C:\Program Files\Microchip\xc8\v2.41\pic\sources\c90\common\strlen.c estimated size: 54

C:\Program Files\Microchip\xc8\v2.41\pic\sources\c90\common\doprnt.c
		_sprintf       		CODE           	082E	0000	414

C:\Program Files\Microchip\xc8\v2.41\pic\sources\c90\common\doprnt.c estimated size: 414

C:\Program Files\Microchip\xc8\v2.41\pic\sources\c90\common\lwmod.c
		___lwmod       		CODE           	0BA6	0000	100

C:\Program Files\Microchip\xc8\v2.41\pic\sources\c90\common\lwmod.c estimated size: 100

main.c
		_main          		CODE           	0CC2	0000	12
		_INT_UART_TX   		CODE           	0008	0000	364
		_Configurations		CODE           	0C7A	0000	44

main.c estimated size: 420

