Microchip MPLAB XC8 Compiler V2.41

Linker command line:

-W-3 \
  --edf=C:/Program Files/Microchip/MPLABX/v6.10/packs/Microchip/PIC18Fxxxx_DFP/1.4.151/xc8\pic\dat\20230323171731_en.msgs \
  -cn -h+dist/default/production\LCD4B_Class7E1.2.X.production.sym \
  --cmf=dist/default/production\LCD4B_Class7E1.2.X.production.cmf -z \
  -Q18F4550 -oC:\Users\aleja\AppData\Local\Temp\xcAsc6s.\driver_tmp_3.o \
  --defsym=__MPLAB_BUILD=1 --fixupoverflow=error \
  -Mdist/default/production/LCD4B_Class7E1.2.X.production.map \
  --md=C:\Users\aleja\AppData\Local\Temp\xcAsc6s.\driver_tmp_0.dat -E1 \
  -ver=XC8 Compiler --acfsm=1493 -ACODE=00h-07FFFh -ACONST=00h-07FFFh \
  -ASMALLCONST=0800h-08FFhx120 -AMEDIUMCONST=0800h-07FFFh -ACOMRAM=01h-05Fh \
  -AABS1=00h-07FFh -ABIGRAM=01h-07FFh -ARAM=060h-0FFh,0100h-01FFhx7 \
  -ABANK0=060h-0FFh -ABANK1=0100h-01FFh -ABANK2=0200h-02FFh \
  -ABANK3=0300h-03FFh -ABANK4=0400h-04FFh -ABANK5=0500h-05FFh \
  -ABANK6=0600h-06FFh -ABANK7=0700h-07FFh -ASFR=0F60h-0FFFh \
  -ABIGSFR=0F60h-0FFFh -ACONFIG=0300000h-030000Dh -AIDLOC=0200000h-0200007h \
  -AEEDATA=0F00000h-0F000FFh -peeprom_data=EEDATA \
  -preset_vec=00h,intcode,intcodelo,powerup,init -pramtop=0800h \
  -psmallconst=SMALLCONST -pmediumconst=MEDIUMCONST -pconst=CONST \
  -AFARRAM=00h-00h \
  -prdata=COMRAM,nvrram=COMRAM,nvbit=COMRAM,rbss=COMRAM,rbit=COMRAM \
  -pfarbss=FARRAM,fardata=FARRAM,nvFARRAM=FARRAM \
  -pintsave_regs=BIGRAM,bigbss=BIGRAM,bigdata=BIGRAM -pbss=RAM \
  -pidata=CODE,irdata=CODE,ibigdata=CODE,ifardata=CODE -prparam=COMRAM \
  C:\Users\aleja\AppData\Local\Temp\xcAsc6s.\driver_tmp_9.o \
  dist/default/production\LCD4B_Class7E1.2.X.production.o 

Object code version is 3.11

Machine type is 18F4550



                Name                               Link     Load   Length Selector   Space Scale
C:\Users\aleja\AppData\Local\Temp\xcAsc6s.\driver_tmp_9.o
                config                           300000   300000        E        0       4
                init                                  0        0        4        0       0
dist/default/production\LCD4B_Class7E1.2.X.production.o
                config                           300000   300000        E        0       4
                text6                              7EDA     7EDA       3C     3F6D       0
                text5                              7E34     7E34       16     3F1A       0
                text4                              7F16     7F16       3C     3F8B       0
                text3                              7E4A     7E4A       16     3F25       0
                text2                              7EA4     7EA4       36     3F52       0
                text1                              7F52     7F52       AE     3FA9       0
                text0                              7E24     7E24       10     3F12       0
                cstackCOMRAM                         1F       1F        A        1       1
                dataCOMRAM                            1        1       1E        1       1
                cinit                              7E7E     7E7E       26     3F3F       0
                idataCOMRAM                        7E60     7E60       1E     7E60       0

TOTAL           Name                               Link     Load   Length     Space
        CLASS   CODE           
                init                                  0        0        4         0
                text6                              7EDA     7EDA       3C         0
                text5                              7E34     7E34       16         0
                text4                              7F16     7F16       3C         0
                text3                              7E4A     7E4A       16         0
                text2                              7EA4     7EA4       36         0
                text1                              7F52     7F52       AE         0
                text0                              7E24     7E24       10         0
                cinit                              7E7E     7E7E       26         0
                idataCOMRAM                        7E60     7E60       1E         0

        CLASS   CONST          

        CLASS   SMALLCONST     

        CLASS   MEDIUMCONST    

        CLASS   COMRAM         
                cstackCOMRAM                         1F       1F        A         1
                dataCOMRAM                            1        1       1E         1

        CLASS   ABS1           

        CLASS   BIGRAM         

        CLASS   RAM            

        CLASS   BANK0          

        CLASS   BANK1          

        CLASS   BANK2          

        CLASS   BANK3          

        CLASS   BANK4          

        CLASS   BANK5          

        CLASS   BANK6          

        CLASS   BANK7          

        CLASS   SFR            

        CLASS   BIGSFR         

        CLASS   CONFIG         
                config                           300000   300000        E         4

        CLASS   IDLOC          

        CLASS   EEDATA         

        CLASS   FARRAM         

        CLASS   HEAP           

        CLASS   STACK          



SEGMENTS        Name                           Load    Length   Top    Selector   Space  Class

                reset_vec                      000000  000004  000004         0       0  CODE    
                dataCOMRAM                     000001  000028  000029         1       1  COMRAM  
                text0                          007E24  000010  007E34      3F12       0  CODE    
                text5                          007E34  000016  007E4A      3F1A       0  CODE    
                text3                          007E4A  000016  007E60      3F25       0  CODE    
                idataCOMRAM                    007E60  00001E  007E7E      7E60       0  CODE    
                cinit                          007E7E  000026  007EA4      3F3F       0  CODE    
                text2                          007EA4  000036  007EDA      3F52       0  CODE    
                text6                          007EDA  00003C  007F16      3F6D       0  CODE    
                text4                          007F16  00003C  007F52      3F8B       0  CODE    
                text1                          007F52  0000AE  008000      3FA9       0  CODE    


UNUSED ADDRESS RANGES

        Name                Unused          Largest block    Delta
        BANK0            000060-0000FF               A0
        BANK1            000100-0001FF              100
        BANK2            000200-0002FF              100
        BANK3            000300-0003FF              100
        BANK4            000400-0004FF              100
        BANK5            000500-0005FF              100
        BANK6            000600-0006FF              100
        BANK7            000700-0007FF              100
        BIGRAM           000029-0007FF              7D7
        BIGSFR           000F60-000FFF               A0
        CODE             000004-007E23             7E20
        COMRAM           000029-00005F               37
        CONST            000004-007E23             7E20
        EEDATA           F00000-F000FF              100
        IDLOC            200000-200007                8
        MEDIUMCONST      000800-007E23             7624
        RAM              000060-0007FF              100
        SFR              000F60-000FFF               A0
        SMALLCONST       000800-007E23              100

                                  Symbol Table

?_strlen                        cstackCOMRAM 00001F
LCD_Instructions@Instruction    cstackCOMRAM 000020
Set_Instruction@S_Instruction   cstackCOMRAM 000021
Test@i                          cstackCOMRAM 000025
Test@j                          cstackCOMRAM 000027
Write_Instruction@W_Instruction cstackCOMRAM 000021
_ADCON1                         (abs)        000FC1
_Configuration                  text4        007F16
_INTCON2bits                    (abs)        000FF1
_INTCONbits                     (abs)        000FF2
_LATD                           (abs)        000F8C
_LATE0                          (abs)        007C68
_LATE1                          (abs)        007C69
_LCD_Instructions               text6        007EDA
_OSCCON                         (abs)        000FD3
_RCONbits                       (abs)        000FD0
_Set_Instruction                text5        007E34
_TRISBbits                      (abs)        000F93
_TRISD                          (abs)        000F95
_TRISE                          (abs)        000F96
_Test                           text1        007F52
_Text1                          dataCOMRAM   000015
_Text2                          dataCOMRAM   000001
_Write_Instruction              text3        007E4A
__HRAM                          (abs)        000000
__H__absolute__                 __absolute__ 000000
__Habs1                         abs1         000000
__Hbank0                        bank0        000000
__Hbank1                        bank1        000000
__Hbank2                        bank2        000000
__Hbank3                        bank3        000000
__Hbank4                        bank4        000000
__Hbank5                        bank5        000000
__Hbank6                        bank6        000000
__Hbank7                        bank7        000000
__Hbigbss                       bigbss       000000
__Hbigdata                      bigdata      000000
__Hbigram                       bigram       000000
__Hbigsfr                       bigsfr       000000
__Hbss                          bss          000000
__Hcinit                        cinit        000000
__Hclrtext                      clrtext      000000
__Hcomram                       comram       000000
__Hconfig                       config       30000E
__Hconst                        const        000000
__HcstackCOMRAM                 cstackCOMRAM 000000
__Hdata                         data         000000
__HdataCOMRAM                   dataCOMRAM   000000
__Heeprom_data                  eeprom_data  000000
__Hfarbss                       farbss       000000
__Hfardata                      fardata      000000
__Hheap                         heap         000000
__Hibigdata                     ibigdata     000000
__Hidata                        idata        000000
__HidataCOMRAM                  idataCOMRAM  000000
__Hidloc                        idloc        000000
__Hifardata                     ifardata     000000
__Hinit                         init         000004
__Hintcode                      intcode      000000
__Hintcode_body                 intcode_body 000000
__Hintcodelo                    intcodelo    000000
__Hintentry                     intentry     000000
__Hintret                       intret       000000
__Hintsave_regs                 intsave_regs 000000
__Hirdata                       irdata       000000
__Hmediumconst                  mediumconst  000000
__HnvFARRAM                     nvFARRAM     000000
__Hnvbit                        nvbit        000000
__Hnvrram                       nvrram       000000
__Hparam                        rparam       000000
__Hpowerup                      powerup      000000
__Hram                          ram          000000
__Hramtop                       ramtop       000800
__Hrbit                         rbit         000000
__Hrbss                         rbss         000000
__Hrdata                        rdata        000000
__Hreset_vec                    reset_vec    000000
__Hrparam                       rparam       000000
__Hsfr                          sfr          000000
__Hsmallconst                   smallconst   000000
__Hspace_0                      (abs)        008000
__Hspace_1                      (abs)        000029
__Hspace_2                      (abs)        000000
__Hspace_4                      (abs)        60000E
__Hstack                        stack        000000
__Hstruct                       struct       000000
__Htemp                         temp         000000
__Htext                         text         000000
__Htext0                        text0        000000
__Htext1                        text1        000000
__Htext2                        text2        000000
__Htext3                        text3        000000
__Htext4                        text4        000000
__Htext5                        text5        000000
__Htext6                        text6        000000
__LRAM                          (abs)        000001
__L__absolute__                 __absolute__ 000000
__Labs1                         abs1         000000
__Lbank0                        bank0        000000
__Lbank1                        bank1        000000
__Lbank2                        bank2        000000
__Lbank3                        bank3        000000
__Lbank4                        bank4        000000
__Lbank5                        bank5        000000
__Lbank6                        bank6        000000
__Lbank7                        bank7        000000
__Lbigbss                       bigbss       000000
__Lbigdata                      bigdata      000000
__Lbigram                       bigram       000000
__Lbigsfr                       bigsfr       000000
__Lbss                          bss          000000
__Lcinit                        cinit        000000
__Lclrtext                      clrtext      000000
__Lcomram                       comram       000000
__Lconfig                       config       000000
__Lconst                        const        000000
__LcstackCOMRAM                 cstackCOMRAM 000000
__Ldata                         data         000000
__LdataCOMRAM                   dataCOMRAM   000000
__Leeprom_data                  eeprom_data  000000
__Lfarbss                       farbss       000000
__Lfardata                      fardata      000000
__Lheap                         heap         000000
__Libigdata                     ibigdata     000000
__Lidata                        idata        000000
__LidataCOMRAM                  idataCOMRAM  000000
__Lidloc                        idloc        000000
__Lifardata                     ifardata     000000
__Linit                         init         000000
__Lintcode                      intcode      000000
__Lintcode_body                 intcode_body 000000
__Lintcodelo                    intcodelo    000000
__Lintentry                     intentry     000000
__Lintret                       intret       000000
__Lintsave_regs                 intsave_regs 000000
__Lirdata                       irdata       000000
__Lmediumconst                  mediumconst  000000
__LnvFARRAM                     nvFARRAM     000000
__Lnvbit                        nvbit        000000
__Lnvrram                       nvrram       000000
__Lparam                        rparam       000000
__Lpowerup                      powerup      000000
__Lram                          ram          000000
__Lramtop                       ramtop       000800
__Lrbit                         rbit         000000
__Lrbss                         rbss         000000
__Lrdata                        rdata        000000
__Lreset_vec                    reset_vec    000000
__Lrparam                       rparam       000000
__Lsfr                          sfr          000000
__Lsmallconst                   smallconst   000000
__Lspace_0                      (abs)        000000
__Lspace_1                      (abs)        000000
__Lspace_2                      (abs)        000000
__Lspace_4                      (abs)        000000
__Lstack                        stack        000000
__Lstruct                       struct       000000
__Ltemp                         temp         000000
__Ltext                         text         000000
__Ltext0                        text0        000000
__Ltext1                        text1        000000
__Ltext2                        text2        000000
__Ltext3                        text3        000000
__Ltext4                        text4        000000
__Ltext5                        text5        000000
__Ltext6                        text6        000000
__S0                            (abs)        008000
__S1                            (abs)        000029
__S4                            (abs)        000000
__S5                            (abs)        000000
___heap_hi                      (abs)        000000
___heap_lo                      (abs)        000000
___inthi_sp                     stack        000000
___intlo_sp                     stack        000000
___param_bank                   (abs)        000000
___rparam_used                  (abs)        000001
___sp                           stack        000000
__accesstop                     (abs)        000060
__activetblptr                  (abs)        000000
__end_of_Configuration          text4        007F52
__end_of_LCD_Instructions       text6        007F16
__end_of_Set_Instruction        text5        007E4A
__end_of_Test                   text1        008000
__end_of_Write_Instruction      text3        007E60
__end_of__initialization        cinit        007E9E
__end_of_main                   text0        007E34
__end_of_strlen                 text2        007EDA
__initialization                cinit        007E7E
__mediumconst                   mediumconst  000000
__pcinit                        cinit        007E7E
__pcstackCOMRAM                 cstackCOMRAM 00001F
__pdataCOMRAM                   dataCOMRAM   000001
__pidataCOMRAM                  idataCOMRAM  007E60
__ptext0                        text0        007E24
__ptext1                        text1        007F52
__ptext2                        text2        007EA4
__ptext3                        text3        007E4A
__ptext4                        text4        007F16
__ptext5                        text5        007E34
__ptext6                        text6        007EDA
__ramtop                        ramtop       000800
__smallconst                    smallconst   000000
_main                           text0        007E24
_strlen                         text2        007EA4
end_of_initialization           cinit        007E9E
intlevel0                       text         000000
intlevel1                       text         000000
intlevel2                       text         000000
intlevel3                       text         000000
isa$std                         (abs)        000001
isa$xinst                       (abs)        000000
stackhi                         (abs)        000000
stacklo                         (abs)        000000
start                           init         000000
start_initialization            cinit        007E7E
strlen@a                        cstackCOMRAM 000021
strlen@s                        cstackCOMRAM 00001F


MODULE INFORMATION

Module		Function		Class		Link	Load	Size
C:\Program Files\Microchip\xc8\v2.41\pic\sources\c99\common\strlen.c
		_strlen        		CODE           	7EA4	0000	54

C:\Program Files\Microchip\xc8\v2.41\pic\sources\c99\common\strlen.c estimated size: 54

shared
		__initialization		CODE           	7E7E	0000	32

shared estimated size: 32

main.c
		_Test          		CODE           	7F52	0000	174
		_LCD_Instructions		CODE           	7EDA	0000	60
		_main          		CODE           	7E24	0000	16
		_Set_Instruction		CODE           	7E34	0000	22
		_Write_Instruction		CODE           	7E4A	0000	22
		_Configuration 		CODE           	7F16	0000	60

main.c estimated size: 354

