Microchip MPLAB XC8 Compiler V2.41

Linker command line:

-W-3 \
  --edf=C:/Program Files/Microchip/MPLABX/v6.10/packs/Microchip/PIC18F-K_DFP/1.8.249/xc8\pic\dat\20230209213641_en.msgs \
  -cn -h+dist/default/production\UART_RX_P18F46k22.X.production.sym \
  --cmf=dist/default/production\UART_RX_P18F46k22.X.production.cmf -z \
  -Q18F46K22 -oC:\Users\aleja\AppData\Local\Temp\xcAsofo.\driver_tmp_3.o \
  --defsym=__MPLAB_BUILD=1 --fixupoverflow=error \
  -Mdist/default/production/UART_RX_P18F46k22.X.production.map \
  --md=C:\Users\aleja\AppData\Local\Temp\xcAsofo.\driver_tmp_0.dat -E1 \
  -ver=XC8 Compiler --acfsm=1493 -ACODE=00h-0FFFFh -ACONST=00h-0FFFFh \
  -ASMALLCONST=01000h-010FFhx240 -AMEDIUMCONST=01000h-0FFFFh \
  -ACOMRAM=01h-05Fh -AABS1=00h-0F37h -ABIGRAM=01h-0F37h \
  -ARAM=060h-0FFh,0100h-01FFhx14,0F00h-0F37h -ABANK0=060h-0FFh \
  -ABANK1=0100h-01FFh -ABANK2=0200h-02FFh -ABANK3=0300h-03FFh \
  -ABANK4=0400h-04FFh -ABANK5=0500h-05FFh -ABANK6=0600h-06FFh \
  -ABANK7=0700h-07FFh -ABANK8=0800h-08FFh -ABANK9=0900h-09FFh \
  -ABANK10=0A00h-0AFFh -ABANK11=0B00h-0BFFh -ABANK12=0C00h-0CFFh \
  -ABANK13=0D00h-0DFFh -ABANK14=0E00h-0EFFh -ABANK15=0F00h-0F37h \
  -ASFR=0F38h-0F5Fh,0F60h-0FFFh -ABIGSFR=0F38h-0FFFh \
  -ACONFIG=0300000h-030000Dh -AIDLOC=0200000h-0200007h \
  -AEEDATA=0F00000h-0F003FFh -peeprom_data=EEDATA \
  -preset_vec=00h,intcode=08h,intcodelo,powerup,init -pramtop=01000h \
  -psmallconst=SMALLCONST -pmediumconst=MEDIUMCONST -pconst=CONST \
  -AFARRAM=00h-00h \
  -prdata=COMRAM,nvrram=COMRAM,nvbit=COMRAM,rbss=COMRAM,rbit=COMRAM \
  -pfarbss=FARRAM,fardata=FARRAM,nvFARRAM=FARRAM \
  -pintsave_regs=BIGRAM,bigbss=BIGRAM,bigdata=BIGRAM -pbss=RAM \
  -pidata=CODE,irdata=CODE,ibigdata=CODE,ifardata=CODE -prparam=COMRAM \
  C:\Users\aleja\AppData\Local\Temp\xcAsofo.\driver_tmp_9.o \
  dist/default/production\UART_RX_P18F46k22.X.production.o 

Object code version is 3.11

Machine type is 18F46K22



                Name                               Link     Load   Length Selector   Space Scale
C:\Users\aleja\AppData\Local\Temp\xcAsofo.\driver_tmp_9.o
                config                           300000   300000        E        0       4
                init                                 1E       1E        4        4       0
                reset_vec                             0        0        4        0       0
dist/default/production\UART_RX_P18F46k22.X.production.o
                intcode                               8        8       16        4       0
                config                           300000   300000        E        0       4
                temp                                 3E       3E        1        1       1
                text6                               1F0      1F0       3C        4       0
                text5                               1B4      1B4       3C        4       0
                text4                               2C0      2C0       1C        4       0
                text3                               11A      11A       9A        4       0
                text2                               22C      22C       36        4       0
                text1                                22       22       F8        4       0
                text0                               2DC      2DC       14        4       0
                cstackCOMRAM                         35       35        9        1       1
                dataCOMRAM                            1        1       34        1       1
                cinit                               296      296       2A        4       0
                idataCOMRAM                         262      262       34        4       0

TOTAL           Name                               Link     Load   Length     Space
        CLASS   CODE           
                intcode                               8        8       16         0
                init                                 1E       1E        4         0
                reset_vec                             0        0        4         0
                text6                               1F0      1F0       3C         0
                text5                               1B4      1B4       3C         0
                text4                               2C0      2C0       1C         0
                text3                               11A      11A       9A         0
                text2                               22C      22C       36         0
                text1                                22       22       F8         0
                text0                               2DC      2DC       14         0
                cinit                               296      296       2A         0
                idataCOMRAM                         262      262       34         0

        CLASS   CONST          

        CLASS   SMALLCONST     

        CLASS   MEDIUMCONST    

        CLASS   COMRAM         
                temp                                 3E       3E        1         1
                cstackCOMRAM                         35       35        9         1
                dataCOMRAM                            1        1       34         1

        CLASS   ABS1           

        CLASS   BIGRAM         

        CLASS   RAM            

        CLASS   BANK0          

        CLASS   BANK1          

        CLASS   BANK2          

        CLASS   BANK3          

        CLASS   BANK4          

        CLASS   BANK5          

        CLASS   BANK6          

        CLASS   BANK7          

        CLASS   BANK8          

        CLASS   BANK9          

        CLASS   BANK10         

        CLASS   BANK11         

        CLASS   BANK12         

        CLASS   BANK13         

        CLASS   BANK14         

        CLASS   BANK15         

        CLASS   SFR            

        CLASS   BIGSFR         

        CLASS   CONFIG         
                config                           300000   300000        E         4

        CLASS   IDLOC          

        CLASS   EEDATA         

        CLASS   FARRAM         

        CLASS   HEAP           

        CLASS   STACK          



SEGMENTS        Name                           Load    Length   Top    Selector   Space  Class

                reset_vec                      000000  000004  000004         0       0  CODE    
                dataCOMRAM                     000001  00003E  00003F         1       1  COMRAM  
                intcode                        000008  0002E8  0002F0         4       0  CODE    


UNUSED ADDRESS RANGES

        Name                Unused          Largest block    Delta
        BANK0            000060-0000FF               A0
        BANK1            000100-0001FF              100
        BANK10           000A00-000AFF              100
        BANK11           000B00-000BFF              100
        BANK12           000C00-000CFF              100
        BANK13           000D00-000DFF              100
        BANK14           000E00-000EFF              100
        BANK15           000F00-000F37               38
        BANK2            000200-0002FF              100
        BANK3            000300-0003FF              100
        BANK4            000400-0004FF              100
        BANK5            000500-0005FF              100
        BANK6            000600-0006FF              100
        BANK7            000700-0007FF              100
        BANK8            000800-0008FF              100
        BANK9            000900-0009FF              100
        BIGRAM           00003F-000F37              EF9
        BIGSFR           000F38-000FFF               C8
        CODE             000004-000007                4
                         0002F0-00FFFF             FD10
        COMRAM           00003F-00005F               21
        CONST            000004-000007                4
                         0002F0-00FFFF             FD10
        EEDATA           F00000-F003FF              400
        IDLOC            200000-200007                8
        MEDIUMCONST      001000-00FFFF             F000
        RAM              000060-000F37              100
        SFR              000F38-000FFF               28
        SMALLCONST       001000-00FFFF              100

                                  Symbol Table

?_strlen                      cstackCOMRAM 000035
LCD_Data_Instruction@Data     cstackCOMRAM 000036
LCD_Set_Write@Command         cstackCOMRAM 000037
LCD_Set_Write@WR_SE           cstackCOMRAM 000038
Show_Data_LCD@i               cstackCOMRAM 00003B
Show_Data_LCD@i_559           cstackCOMRAM 00003C
Show_Data_LCD@i_560           cstackCOMRAM 00003D
_ANSELCbits                   (abs)        000F3A
_ANSELD                       (abs)        000F3B
_BRG161                       (abs)        007DC3
_BRGH1                        (abs)        007D62
_Configurations               text6        0001F0
_EUSART_Int_Rx                intcode      000008
_INTCONbits                   (abs)        000FF2
_LATCbits                     (abs)        000F8B
_LATD                         (abs)        000F8C
_LCD_Data_Instruction         text5        0001B4
_LCD_Init                     text3        00011A
_LCD_Set_Write                text4        0002C0
_OSCCON                       (abs)        000FD3
_PIE1bits                     (abs)        000F9D
_PIR1bits                     (abs)        000F9E
_RC1REG                       (abs)        000FAE
_RCONbits                     (abs)        000FD0
_RCSTA1bits                   (abs)        000FAB
_SPBRG1                       (abs)        000FAF
_Show_Data_LCD                text1        000022
_TRISCbits                    (abs)        000F94
_TRISD                        (abs)        000F95
_TXSTA1bits                   (abs)        000FAC
_Text1                        dataCOMRAM   000001
_Text2                        dataCOMRAM   000025
_Text3                        dataCOMRAM   000015
__HRAM                        (abs)        000000
__H__absolute__               __absolute__ 000000
__Habs1                       abs1         000000
__Hbank0                      bank0        000000
__Hbank1                      bank1        000000
__Hbank10                     bank10       000000
__Hbank11                     bank11       000000
__Hbank12                     bank12       000000
__Hbank13                     bank13       000000
__Hbank14                     bank14       000000
__Hbank15                     bank15       000000
__Hbank2                      bank2        000000
__Hbank3                      bank3        000000
__Hbank4                      bank4        000000
__Hbank5                      bank5        000000
__Hbank6                      bank6        000000
__Hbank7                      bank7        000000
__Hbank8                      bank8        000000
__Hbank9                      bank9        000000
__Hbigbss                     bigbss       000000
__Hbigdata                    bigdata      000000
__Hbigram                     bigram       000000
__Hbigsfr                     bigsfr       000000
__Hbss                        bss          000000
__Hcinit                      cinit        000000
__Hclrtext                    clrtext      000000
__Hcomram                     comram       000000
__Hconfig                     config       30000E
__Hconst                      const        000000
__HcstackCOMRAM               cstackCOMRAM 000000
__Hdata                       data         000000
__HdataCOMRAM                 dataCOMRAM   000000
__Heeprom_data                eeprom_data  000000
__Hfarbss                     farbss       000000
__Hfardata                    fardata      000000
__Hheap                       heap         000000
__Hibigdata                   ibigdata     000000
__Hidata                      idata        000000
__HidataCOMRAM                idataCOMRAM  000000
__Hidloc                      idloc        000000
__Hifardata                   ifardata     000000
__Hinit                       init         000022
__Hintcode                    intcode      00001E
__Hintcode_body               intcode_body 000000
__Hintcodelo                  intcodelo    00001E
__Hintentry                   intentry     000000
__Hintret                     intret       000000
__Hintsave_regs               intsave_regs 000000
__Hirdata                     irdata       000000
__Hmediumconst                mediumconst  000000
__HnvFARRAM                   nvFARRAM     000000
__Hnvbit                      nvbit        000000
__Hnvrram                     nvrram       000000
__Hparam                      rparam       000000
__Hpowerup                    powerup      00001E
__Hram                        ram          000000
__Hramtop                     ramtop       001000
__Hrbit                       rbit         000000
__Hrbss                       rbss         000000
__Hrdata                      rdata        000000
__Hreset_vec                  reset_vec    000004
__Hrparam                     rparam       000000
__Hsfr                        sfr          000000
__Hsmallconst                 smallconst   000000
__Hspace_0                    (abs)        001000
__Hspace_1                    (abs)        00003F
__Hspace_2                    (abs)        000000
__Hspace_4                    (abs)        60000E
__Hstack                      stack        000000
__Hstruct                     struct       000000
__Htemp                       temp         00003F
__Htext                       text         000000
__Htext0                      text0        000000
__Htext1                      text1        000000
__Htext2                      text2        000000
__Htext3                      text3        000000
__Htext4                      text4        000000
__Htext5                      text5        000000
__Htext6                      text6        000000
__LRAM                        (abs)        000001
__L__absolute__               __absolute__ 000000
__Labs1                       abs1         000000
__Lbank0                      bank0        000000
__Lbank1                      bank1        000000
__Lbank10                     bank10       000000
__Lbank11                     bank11       000000
__Lbank12                     bank12       000000
__Lbank13                     bank13       000000
__Lbank14                     bank14       000000
__Lbank15                     bank15       000000
__Lbank2                      bank2        000000
__Lbank3                      bank3        000000
__Lbank4                      bank4        000000
__Lbank5                      bank5        000000
__Lbank6                      bank6        000000
__Lbank7                      bank7        000000
__Lbank8                      bank8        000000
__Lbank9                      bank9        000000
__Lbigbss                     bigbss       000000
__Lbigdata                    bigdata      000000
__Lbigram                     bigram       000000
__Lbigsfr                     bigsfr       000000
__Lbss                        bss          000000
__Lcinit                      cinit        000000
__Lclrtext                    clrtext      000000
__Lcomram                     comram       000000
__Lconfig                     config       000000
__Lconst                      const        000000
__LcstackCOMRAM               cstackCOMRAM 000000
__Ldata                       data         000000
__LdataCOMRAM                 dataCOMRAM   000000
__Leeprom_data                eeprom_data  000000
__Lfarbss                     farbss       000000
__Lfardata                    fardata      000000
__Lheap                       heap         000000
__Libigdata                   ibigdata     000000
__Lidata                      idata        000000
__LidataCOMRAM                idataCOMRAM  000000
__Lidloc                      idloc        000000
__Lifardata                   ifardata     000000
__Linit                       init         00001E
__Lintcode                    intcode      000008
__Lintcode_body               intcode_body 000000
__Lintcodelo                  intcodelo    00001E
__Lintentry                   intentry     000000
__Lintret                     intret       000000
__Lintsave_regs               intsave_regs 000000
__Lirdata                     irdata       000000
__Lmediumconst                mediumconst  000000
__LnvFARRAM                   nvFARRAM     000000
__Lnvbit                      nvbit        000000
__Lnvrram                     nvrram       000000
__Lparam                      rparam       000000
__Lpowerup                    powerup      00001E
__Lram                        ram          000000
__Lramtop                     ramtop       001000
__Lrbit                       rbit         000000
__Lrbss                       rbss         000000
__Lrdata                      rdata        000000
__Lreset_vec                  reset_vec    000000
__Lrparam                     rparam       000000
__Lsfr                        sfr          000000
__Lsmallconst                 smallconst   000000
__Lspace_0                    (abs)        000000
__Lspace_1                    (abs)        000000
__Lspace_2                    (abs)        000000
__Lspace_4                    (abs)        000000
__Lstack                      stack        000000
__Lstruct                     struct       000000
__Ltemp                       temp         00003E
__Ltext                       text         000000
__Ltext0                      text0        000000
__Ltext1                      text1        000000
__Ltext2                      text2        000000
__Ltext3                      text3        000000
__Ltext4                      text4        000000
__Ltext5                      text5        000000
__Ltext6                      text6        000000
__S0                          (abs)        0002F0
__S1                          (abs)        00003F
__S4                          (abs)        000000
__S5                          (abs)        000000
___heap_hi                    (abs)        000000
___heap_lo                    (abs)        000000
___inthi_sp                   stack        000000
___intlo_sp                   stack        000000
___param_bank                 (abs)        000000
___rparam_used                (abs)        000001
___sp                         stack        000000
__accesstop                   (abs)        000060
__activetblptr                (abs)        000000
__end_of_Configurations       text6        00022C
__end_of_EUSART_Int_Rx        intcode      00001E
__end_of_LCD_Data_Instruction text5        0001F0
__end_of_LCD_Init             text3        0001B4
__end_of_LCD_Set_Write        text4        0002DC
__end_of_Show_Data_LCD        text1        00011A
__end_of__initialization      cinit        0002B6
__end_of_main                 text0        0002F0
__end_of_strlen               text2        000262
__initialization              cinit        000296
__mediumconst                 mediumconst  000000
__pcinit                      cinit        000296
__pcstackCOMRAM               cstackCOMRAM 000035
__pdataCOMRAM                 dataCOMRAM   000001
__pidataCOMRAM                idataCOMRAM  000262
__pintcode                    intcode      000008
__ptext0                      text0        0002DC
__ptext1                      text1        000022
__ptext2                      text2        00022C
__ptext3                      text3        00011A
__ptext4                      text4        0002C0
__ptext5                      text5        0001B4
__ptext6                      text6        0001F0
__ramtop                      ramtop       001000
__smallconst                  smallconst   000000
_main                         text0        0002DC
_strlen                       text2        00022C
btemp                         temp         00003E
end_of_initialization         cinit        0002B6
int$flags                     temp         00003E
intlevel0                     text         000000
intlevel1                     text         000000
intlevel2                     text         000000
intlevel3                     text         000000
isa$std                       (abs)        000001
isa$xinst                     (abs)        000000
stackhi                       (abs)        000000
stacklo                       (abs)        000000
start                         init         00001E
start_initialization          cinit        000296
strlen@a                      cstackCOMRAM 000037
strlen@s                      cstackCOMRAM 000035
ttemp5                        temp         00003F
ttemp6                        temp         000042
ttemp7                        temp         000046
wtemp8                        temp         00003F


MODULE INFORMATION

Module		Function		Class		Link	Load	Size
C:\Program Files\Microchip\xc8\v2.41\pic\sources\c99\common\strlen.c
		_strlen        		CODE           	022C	0000	54

C:\Program Files\Microchip\xc8\v2.41\pic\sources\c99\common\strlen.c estimated size: 54

shared
		__initialization		CODE           	0296	0000	32

shared estimated size: 32

main.c
		_LCD_Init      		CODE           	011A	0000	154
		_LCD_Data_Instruction		CODE           	01B4	0000	60
		_EUSART_Int_Rx 		CODE           	0008	0000	22
		_main          		CODE           	02DC	0000	20
		_LCD_Set_Write 		CODE           	02C0	0000	28
		_Show_Data_LCD 		CODE           	0022	0000	248
		_Configurations		CODE           	01F0	0000	60

main.c estimated size: 592

